\BOOKMARK [1][-]{section.1}{\376\377\137\025\212\000}{}% 1
\BOOKMARK [1][-]{section.2}{\376\377\166\370\121\163\135\345\117\134}{}% 2
\BOOKMARK [2][-]{subsection.2.1}{\376\377\167\345\213\306\130\236\137\072\127\213\000\040\000W\000e\000b\000\040\117\341\140\157\174\373\176\337}{section.2}% 3
\BOOKMARK [2][-]{subsection.2.2}{\376\377\145\131\200\262\230\206\127\337\166\204\150\300\175\042\130\236\137\072\165\037\142\020}{section.2}% 4
\BOOKMARK [2][-]{subsection.2.3}{\376\377\123\327\176\246\147\137\146\172\200\375\117\123\116\016\215\104\156\220\141\037\167\345\220\350\177\162}{section.2}% 5
\BOOKMARK [2][-]{subsection.2.4}{\376\377\123\314\213\355\230\206\127\337\220\002\221\115\116\016\213\304\117\060}{section.2}% 6
\BOOKMARK [2][-]{subsection.2.5}{\376\377\170\024\172\166\177\072\123\343\116\016\122\006\147\220\150\106\147\266}{section.2}% 7
\BOOKMARK [1][-]{section.3}{\376\377\174\373\176\337\213\276\213\241\116\016\170\024\172\166\145\271\154\325}{}% 8
\BOOKMARK [2][-]{subsection.3.1}{\376\377\136\224\165\050\127\072\146\157\116\016\227\000\154\102}{section.3}% 9
\BOOKMARK [2][-]{subsection.3.2}{\376\377\116\023\133\266\154\273\164\006\166\204\167\345\213\306\136\223}{section.3}% 10
\BOOKMARK [2][-]{subsection.3.3}{\376\377\150\300\175\042\116\016\173\124\150\110\165\037\142\020}{section.3}% 11
\BOOKMARK [2][-]{subsection.3.4}{\376\377\123\314\213\355\000\040\000Q\000L\000o\000R\000A\000\040\220\002\221\115}{section.3}% 12
\BOOKMARK [2][-]{subsection.3.5}{\376\377\213\304\117\060\213\276\213\241}{section.3}% 13
\BOOKMARK [2][-]{subsection.3.6}{\376\377\133\236\163\260\116\016\123\357\131\015\163\260\140\047}{section.3}% 14
\BOOKMARK [1][-]{section.4}{\376\377\176\323\147\234}{}% 15
\BOOKMARK [2][-]{subsection.4.1}{\376\377\167\345\213\306\136\223\176\304\142\020}{section.4}% 16
\BOOKMARK [2][-]{subsection.4.2}{\376\377\153\143\137\017\215\350\147\145\156\220\123\314\213\355\150\300\175\042}{section.4}% 17
\BOOKMARK [2][-]{subsection.4.3}{\376\377\000Q\000L\000o\000R\000A\000\040\220\002\221\115\116\016\165\131\121\372\225\356\173\124}{section.4}% 18
\BOOKMARK [2][-]{subsection.4.4}{\376\377\131\032\165\037\142\020\126\150\000\040\000R\000A\000G\000\040\133\371\153\324}{section.4}% 19
\BOOKMARK [2][-]{subsection.4.5}{\376\377\123\314\124\021\177\373\213\321}{section.4}% 20
\BOOKMARK [2][-]{subsection.4.6}{\376\377\215\104\156\220\117\177\165\050\116\016\201\352\122\250\225\031\213\357\122\006\147\220}{section.4}% 21
\BOOKMARK [2][-]{subsection.4.7}{\376\377\175\042\137\025\060\001\213\301\143\156\145\057\143\001\116\016\154\273\164\006\232\214\213\301}{section.4}% 22
\BOOKMARK [1][-]{section.5}{\376\377\213\250\213\272}{}% 23
\BOOKMARK [2][-]{subsection.5.1}{\376\377\170\024\172\166\225\356\230\230\126\336\173\124}{section.5}% 24
\BOOKMARK [2][-]{subsection.5.2}{\376\377\230\235\131\026\213\250\213\272\377\032\147\011\226\120\170\154\116\366\215\104\156\220\116\013\166\204\220\350\177\162}{section.5}% 25
\BOOKMARK [2][-]{subsection.5.3}{\376\377\133\371\000\040\000W\000e\000b\000\040\117\341\140\157\174\373\176\337\213\276\213\241\166\204\124\057\171\072}{section.5}% 26
\BOOKMARK [1][-]{section.6}{\376\377\133\236\215\365\124\057\171\072}{}% 27
\BOOKMARK [1][-]{section.7}{\376\377\134\100\226\120\140\047}{}% 28
\BOOKMARK [1][-]{section.8}{\376\377\176\323\213\272}{}% 29
\BOOKMARK [1][-]{section.9}{\376\377\130\360\146\016}{}% 30
